// Jest Snapshot v1, https://goo.gl/fbAQLP

exports[`AvatarImage should render correctly 1`] = `
Array [
  <div
    className="AvatarImage"
    onClick={[Function]}
    style={
      Object {
        "height": "60px",
        "width": "60px",
      }
    }
  >
    <img
      className="AvatarImageImg"
      src="/img/undefined"
    />
  </div>,
]
`;
